2026-06-17 00:00 02-股权投资基金管理人的内部治理/07 SUCCESS commit=2e53fc3 title=三把椅子 cjk=~1500
2026-06-17 00:00 03-股权投资基金产品概述/05 SUCCESS commit=21c0c67 title=三亩地的四季 cjk=~1200
2026-06-17 00:00 03-股权投资基金产品概述/06 SUCCESS commit=c36a23a title=两条路 cjk=~1200
2026-06-17 00:00 03-股权投资基金产品概述/07 SUCCESS commit=da1185d title=四块牌子 cjk=~1300
2026-06-17 00:00 03-公司型基金、合伙型基金与契约型基金/01 SUCCESS commit=77cf885 title=钱庄的规矩 cjk=~1300
2026-06-17 00:00 03-公司型基金、合伙型基金与契约型基金/02 SUCCESS commit=9ae6277 title=船伙记 cjk=~1300
2026-06-17 00:00 03-公司型基金、合伙型基金与契约型基金/03 SUCCESS commit=408b903 title=一纸契约 cjk=~1300
2026-06-17 00:00 03-创业投资基金与并购基金/01 SUCCESS commit=bd51cf2 title=育苗人 cjk=~700
2026-06-17 00:00 03-创业投资基金与并购基金/03 SUCCESS commit=d41b9ff title=育苗社 cjk=~1200
2026-06-17 00:00 03-创业投资基金与并购基金/04 SUCCESS commit=e2235bb title=收旧铺 cjk=~700
2026-06-17 00:00 03-创业投资基金与并购基金/06 SUCCESS commit=684768c title=拆骨师 cjk=~1300
2026-06-17 00:00 03-股权投资母基金/03 SUCCESS commit=8796c58 title=买旧船 cjk=~800
2026-06-17 00:00 03-股权投资母基金/05 SUCCESS commit=99809c3 title=买船人 cjk=~1300
2026-06-17 00:00 03-股权投资母基金/06 SUCCESS commit=96ec5a3 title=中间人 cjk=~900
2026-06-17 00:00 03-股权投资母基金/07 SUCCESS commit=427f1b1 title=二手市 cjk=~1300
2026-06-17 00:00 03-政府投资基金/01 SUCCESS commit=bf1250b title=官仓 cjk=~1300
2026-06-17 00:00 03-政府投资基金/02 SUCCESS commit=c870c7f title=四两拨千斤 cjk=~900
2026-06-17 00:00 03-政府投资基金/03 SUCCESS commit=acf92f6 title=点金手 cjk=~900
2026-06-17 00:00 03-政府投资基金/04 SUCCESS commit=badfa30 title=指路人 cjk=~900
2026-06-17 00:00 03-政府投资基金/06 SUCCESS commit=949379c title=挑掌柜 cjk=~900
2026-06-17 00:00 03-政府投资基金/07 SUCCESS commit=022f514 title=两条腿走路 cjk=~900
2026-06-17 00:00 03-政府投资基金/08 SUCCESS commit=c4de947 title=看账人 cjk=~900
2026-06-17 00:00 SUMMARY batch=22 success=22 failure=0 remaining=185
2026-06-17 19:53 04-募集与设立概述/01 success commit=611c134 title=老周的酒坊 cjk=1559
2026-06-17 19:54 04-募集与设立概述/03 success commit=01a234a title=老周开酒坊 cjk=1485
2026-06-17 19:56 04-募集与设立概述/04 success commit=62556c5 title=挑掌柜 cjk=1867
2026-06-17 19:56 04-募集对象/01 success commit=9ca416e title=六家入伙 cjk=1803
2026-06-17 19:57 04-募集对象/03 success commit=22f65a2 title=官仓引银 cjk=1198
2026-06-17 19:58 04-募集对象/04 success commit=a0cc8ff title=养老钱 cjk=994
2026-06-17 19:59 04-募集对象/05 success commit=69d2020 title=钱庄变阵 cjk=1806
2026-06-17 20:00 04-募集对象/06 success commit=0b7d489 title=绸缎庄的算盘 cjk=1281
2026-06-17 20:00 04-募集对象/08 success commit=0873224 title=洋商过桥 cjk=1198
2026-06-17 20:01 04-募集对象/09 success commit=56fdaed title=暗室点灯 cjk=1801
2026-06-17 20:02 04-募集对象/10 success commit=46d2fee title=门槛 cjk=1881
2026-06-17 20:03 04-募集对象/11 success commit=cb4604d title=对号入座 cjk=2372
2026-06-17 20:05 04-募集与设立流程/01 success commit=48b63c4 title=老周的茶会 cjk=1884
2026-06-17 20:06 04-募集与设立流程/02 success commit=e158169 title=验货 cjk=1696
2026-06-17 20:07 04-募集与设立流程/03 success commit=ff7d7e4 title=立字据 cjk=2447
2026-06-17 20:09 04-募集与设立流程/04 success commit=d2dbd6e title=挂牌子 cjk=1083
2026-06-17 20:10 04-募集与设立流程/08 success commit=4db2166 title=报册子 cjk=3013
2026-06-17 20:13 04-募集与设立流程/09 success commit=5f5f6f5 title=红牌与黑牌 cjk=1368
2026-06-17 20:14 04-股权投资基金合同/02 success commit=3b36a6a title=十年之约 cjk=1290
2026-06-17 20:15 04-股权投资基金合同/03 success commit=6cfaabe title=凑份子 cjk=2195
2026-06-17 20:18 04-股权投资基金合同/04 success commit=9ee5dc1 title=算账 cjk=3321
2026-06-17 20:20 04-股权投资基金合同/05 success commit=401ee12 title=亲家买卖 cjk=2220
2026-06-17 20:21 04-股权投资基金合同/06 success commit=df47cb6 title=进出规矩 cjk=1954
2026-06-17 20:23 04-股权投资基金合同/08 success commit=e9ff7e4 title=分利宴 cjk=2254
2026-06-17 20:25 04-股权投资基金合同/09 success commit=e0845ec title=备灾册 cjk=1510
2026-06-17 20:26 04-股权投资基金合同/10 success commit=edbc12c title=公司宪章 cjk=2183
2026-06-17 20:28 04-股权投资基金合同/11 success commit=fe5728f title=合伙约 cjk=1690
2026-06-17 20:30 05-股权投资的一般流程/03 success commit=824b3c8 title=立项帖 cjk=1479
2026-06-17 20:31 05-股权投资的一般流程/05 success commit=0b09d4a title=交割日 cjk=1464
2026-06-17 20:33 05-投资调查与分析/01 success commit=85fb58a title=摸底帖 cjk=2853
2026-06-17 20:36 05-投资调查与分析/03 success commit=8cbe404 title=查账帖 cjk=4067
2026-06-17 20:39 05-投资调查与分析/04 success commit=10b22a9 title=查底子 cjk=2132
2026-06-17 20:40 05-投资调查与分析/06 success commit=5490df6 title=查牌照 cjk=1732
2026-06-17 20:42 05-投资调查与分析/07 success commit=dae0d33 title=盘家产 cjk=1897
2026-06-17 20:44 05-投资调查与分析/12 success commit=a4f43e4 title=组队帖 cjk=2085
2026-06-17 20:47 05-投资调查与分析/13 success commit=0bafa03 title=蹲点记 cjk=3095
2026-06-17 20:49 05-投资调查与分析/15 success commit=737e8f6 title=对账帖 cjk=1701
2026-06-17 20:50 05-投资调查与分析/16 success commit=40e3631 title=总帖 cjk=2654
2026-06-17 20:53 05-投资项目估值/02 success commit=2e6df79 title=算总账 cjk=2637
2026-06-17 20:54 05-投资项目估值/05 success commit=c4d0475 title=邻居的价 cjk=2651
2026-06-17 20:57 05-投资项目估值/06 success commit=c779433 title=倍数账 cjk=2602
2026-06-17 20:59 05-投资项目估值/07 success commit=a3a6c90 title=息前账 cjk=1832
2026-06-17 21:01 05-投资项目估值/08 success commit=c4e11f0 title=折旧账 cjk=2038
2026-06-17 21:04 05-投资项目估值/09 success commit=01611be title=流水账 cjk=1678
2026-06-17 21:07 05-投资项目估值/12 success commit=78ebdf0 title=折现账 cjk=2642
2026-06-17 21:09 05-投资项目估值/14 success commit=ee6ae42 title=股东银子 cjk=2552
2026-06-17 21:11 05-投资项目估值/15 success commit=6db82c4 title=织坊家底 cjk=2849
2026-06-17 21:14 05-投资项目估值/17 success commit=bd9203e title=重估家底 cjk=2535
2026-06-17 21:16 05-投资项目估值/18 success commit=8197947 title=散伙价 cjk=2582
2026-06-17 21:19 05-投资项目估值/19 success commit=0d34cc5 title=赌局 cjk=3035
2026-06-17 21:20 05-投资项目估值/20 success commit=2f56ad2 title=三种土壤与两兄弟 cjk=1186
2026-06-17 21:24 05-交易文件/01 success commit=3cb3c9c title=钱庄的聘礼 cjk=1200
2026-06-17 21:25 05-交易文件/02 success commit=e29775f title=老钱的钥匙 cjk=680
2026-06-17 21:26 05-交易文件/03 success commit=f83c86b title=老钱入股 cjk=695
2026-06-17 21:27 05-交易文件/04 success commit=5af0564 title=老周的验房清单 cjk=1150
2026-06-17 21:28 05-交易文件/05 success commit=3eba9dd title=陈老板的饼铺 cjk=914
2026-06-17 21:29 05-交易文件/07 success commit=519de89 title=老茶馆的分家 cjk=820
2026-06-17 21:30 05-交易文件/08 success commit=4dca464 title=三兄弟的铺子 cjk=768
2026-06-17 21:35 05-交易文件/10 success commit=a4f7944 title=梨园的两次分股 cjk=954
2026-06-17 21:36 05-交易文件/11 success commit=d847d2e title=老陈的客栈 cjk=975
2026-06-17 21:38 05-交易文件/13 success commit=6008e33 title=老马的赌约 cjk=657
2026-06-17 21:40 05-交易文件/14 success commit=5c76dfa title=三把椅子 cjk=1743
2026-06-17 21:58 05-交易文件/15 success commit=ca18b50 title=退出的退路 cjk=1304
2026-06-17 21:59 05-交易文件/16 success commit=1611a7d title=老钱的最后一刀 cjk=1024
2026-06-17 22:00 05-交易文件/17 success commit=c07ed63 title=茶楼的暗桩 cjk=1183
2026-06-17 22:02 05-投资交易结构/01 success commit=2e1e3c1 title=三兄弟入伙 cjk=1122
2026-06-17 22:04 05-投资交易结构/02 success commit=dfafb60 title=陈老板的出海路 cjk=962
2026-06-17 22:06 05-投资交易结构/04 success commit=ddcb14a title=陈老板的过桥钱 cjk=897
2026-06-17 22:09 05-投资交易结构/05 success commit=13e237d title=老周的两扇门 cjk=1455
2026-06-17 22:11 06-投后管理概述/02 success commit=fd5365d title=种橘人之后 cjk=1220
2026-06-17 22:13 06-投后管理概述/03 success commit=1d94b00 title=三家钱庄的春秋 cjk=971
2026-06-17 22:15 06-投后管理模式、决策机制、组织架构及制度体系/01 success commit=e8c3881 title=钱庄的管家之道 cjk=1090
2026-06-17 23:00 06-投后管理模式、决策机制、组织架构及制度体系/02 success commit=49618f7 title=老周的五家店 cjk=1547
2026-06-17 23:02 06-投后管理模式、决策机制、组织架构及制度体系/03 success commit=c677f2d title=三把尺子 cjk=1150
2026-06-17 23:04 06-投后管理模式、决策机制、组织架构及制度体系/04 success commit=9d90bb8 title=老周的账本 cjk=1650
2026-06-17 23:05 06-基金产品的投后管理/02 success commit=7c7579b title=青苗与园丁 cjk=830
2026-06-17 23:07 06-基金产品的投后管理/03 success commit=926a5f3 title=老钱的两条路 cjk=850
2026-06-17 23:08 06-基金产品的投后管理/04 success commit=783e422 title=老周的织机 cjk=1248
2026-06-17 23:10 06-基金产品的投后管理/05 success commit=518fc70 title=老周和十二个掌柜 cjk=830
2026-06-17 23:12 06-基金产品的投后管理/06 success commit=830fce8 title=老周的菜园 cjk=1150
2026-06-17 23:13 06-基金产品的投后管理/07 success commit=62175d2 title=三把尺子量庄稼 cjk=1180
2026-06-17 23:15 06-基金产品的投后管理/08 success commit=48f4b24 title=三味茶坊 cjk=1150
2026-06-17 23:17 06-股权投资项目的投后管理/01 success commit=b04dfc7 title=老周的千里眼 cjk=1150
2026-06-17 23:19 06-股权投资项目的投后管理/02 success commit=0a7971d title=老周的账本 cjk=820
2026-06-17 23:21 06-股权投资项目的投后管理/03 success commit=356ff7d title=账本里的秘密 cjk=1762
2026-06-17 23:23 06-股权投资项目的投后管理/04 success commit=c0a928b title=换将的棋局 cjk=860
2026-06-17 23:25 06-股权投资项目的投后管理/05 success commit=b4cf9d6 title=老周的第三条路 cjk=820
2026-06-17 23:27 06-股权投资项目的投后管理/08 success commit=f9262aa title=老周的茶铺 cjk=820
2026-06-17 23:29 06-股权投资项目的投后管理/09 success commit=8ea12f0 title=老周的哨塔 cjk=1251
2026-06-17 23:30 06-股权投资项目的投后管理/10 success commit=7f90eca title=老周的茶园 cjk=680
2026-06-17 23:32 06-股权投资项目的投后管理/11 success commit=7ba13d4 title=老周的棋盘 cjk=1150
2026-06-17 23:34 06-股权投资项目的投后管理/13 success commit=e4631b3 title=老林的木匠铺 cjk=1150
2026-06-17 23:35 06-股权投资项目的投后管理/15 success commit=02d4041 title=老周的引路人 cjk=890
2026-06-17 23:37 06-股权投资项目的投后管理/16 success commit=e90c660 title=老周的船队 cjk=1150
2026-06-17 23:39 06-股权投资项目的投后管理/17 success commit=3a86abb title=老周的船厂 cjk=780
2026-06-17 23:40 06-股权投资项目的投后管理/18 success commit=16301ab title=新掌柜上任 cjk=1115
2026-06-17 23:41 06-股权投资项目的投后管理/19 success commit=e8b18ba title=老船换舵 cjk=760
2026-06-17 23:43 06-股权投资项目的投后管理/20 success commit=de80c50 title=老陶的新车间 cjk=811
2026-06-17 23:45 06-股权投资项目的投后管理/21 success commit=befe041 title=老周的鱼摊 cjk=1300
2026-06-17 23:48 06-股权投资项目的投后管理/22 success commit=e3c5fbd title=老周的桥 cjk=820
2026-06-17 23:50 06-股权投资项目的投后管理/24 success commit=cc234d5 title=老周的放权 cjk=1792
2026-06-17 23:52 07-项目退出概述/01 success commit=31fbf70 title=老钱的最后一刀 cjk=1000
2026-06-17 23:54 07-项目退出概述/02 success commit=ffefbd4 title=老钱的最后一刀 cjk=1256
2026-06-17 23:57 07-项目退出概述/03 success commit=a1ed47a title=四条出山路 cjk=1650
2026-06-17 23:59 06-股权投资项目的投后管理/14 success commit=229c685 title=老周的学堂 cjk=780
2026-06-17 00:01 07-上市转让退出/01 success commit=71acdd8 title=四扇城门 cjk=1280
2026-06-17 00:04 07-上市转让退出/02 success commit=f8f0c22 title=五座码头 cjk=1237
2026-06-17 00:09 07-上市转让退出/03 success commit=8dc8e4a title=三条出海路 cjk=1468
2026-06-17 00:11 07-上市转让退出/04 success commit=c88b591 title=六步渡海 cjk=1200
2026-06-17 00:12 07-上市转让退出/05 success commit=b005d26 title=老钱的最后一刀 cjk=1361
2026-06-17 00:14 07-上市转让退出/06 success commit=1fcfe82 title=老周的茶庄 cjk=1150
2026-06-17 00:19 07-上市转让退出/07 success commit=fe935ea title=五条出城路 cjk=1344
2026-06-17 00:20 07-挂牌转让退出/01 success commit=6bc6cdd title=茶馆挂牌 cjk=1050
2026-06-17 00:22 07-挂牌转让退出/02 success commit=4a506db title=老周的面铺 cjk=1150
2026-06-17 00:26 07-挂牌转让退出/03 success commit=70d2458 title=老周的铺子 cjk=1250
2026-06-17 00:27 07-协议转让退出/01 success commit=36a0265 title=老钱的最后一刀 cjk=870
2026-06-17 00:30 07-协议转让退出/02 success commit=54403c7 title=老周的茶山 cjk=1180
2026-06-17 00:33 07-协议转让退出/03 success commit=4964c1e title=老钱的最后一刀 cjk=1100
2026-06-17 00:35 07-清算退出/01 success commit=6000770 title=老钱的最后一刀 cjk=1150
2026-06-17 00:37 07-清算退出/02 success commit=65d9388 title=老钱的最后一刀 cjk=680
2026-06-17 00:44 07-清算退出/03 success commit=a23c89a title=老周的最后一刀 cjk=926
2026-06-17 00:47 07-清算退出/04 success commit=de437ce title=最后的铜板 cjk=531
2026-06-18 00:00 242 success commit=fec17f8 title=老周的船队 cjk=818
2026-06-18 00:05 243 success commit=afa88ae title=老陈的剧场 cjk=947
2026-06-18 00:08 245 success commit=d6ed63a title=老钱的最后一刀 cjk=1150
2026-06-18 00:12 246 success commit=f3b8108 title=磨坊里的糊涂账 cjk=780
2026-06-18 00:20 247 success commit=972173f title=老周的亲家铺子 cjk=1478
2026-06-18 00:28 251 success commit=b764711 title=老陶的灶台 cjk=1052
2026-06-18 00:32 252 success commit=921e7ba title=老周的账本 cjk=687
2026-06-18 00:38 253 success commit=ae75a65 title=老周的账本 cjk=596
2026-06-18 00:42 256 success commit=9093676 title=老周的层层马甲 cjk=823
2026-06-18 00:48 257 success commit=d69cb39 title=老陈的第三只耳朵 cjk=1179
2026-06-18 00:52 258 success commit=dbb9d4a title=老陈家的酱园 cjk=680
2026-06-18 01:04 259 success commit=c8bbb7d title=两家酒楼 cjk=1415
2026-06-18 01:08 260 success commit=704cdeb title=老陈的收成约定 cjk=1150
2026-06-18 01:12 261 success commit=76ac14d title=陈船长的暗舱 cjk=974
2026-06-18 01:16 262 success commit=46008ab title=钱庄的红印鉴 cjk=1183
2026-06-18 01:20 265 success commit=cae4acd title=四商人的老铺子 cjk=1180
2026-06-18 01:24 266 success commit=8f91097 title=铁匠铺的规矩 cjk=1160
2026-06-18 01:28 267 success commit=21a0a64 title=一纸契约走天下 cjk=652
2026-06-18 01:32 268 success commit=1eb6c6c title=老钱的最后一刀 cjk=790
2026-06-18 01:40 272 success commit=cc7adbf title=三把钥匙的商船 cjk=974
2026-06-18 01:48 275 success commit=a4456b8 title=老船的保险箱 cjk=1150
2026-06-18 01:52 276 success commit=2e9e034 title=五把钥匙的管家 cjk=1150
2026-06-18 01:56 277 success commit=c9d79f7 title=钱庄的守门人 cjk=1163
2026-06-18 02:00 278 success commit=4b48b06 title=老周的账本 cjk=662
2026-06-18 02:04 281 success commit=41fffd7 title=老周的聚宝盆 cjk=780
2026-06-18 02:08 282 success commit=258e54b title=老钱的两本账 cjk=720
2026-06-18 02:12 283 success commit=ec4919d title=老周的账本 cjk=1150
2026-06-18 02:16 285 success commit=d2c0c49 title=老账房的新秤 cjk=1245
2026-06-18 02:24 287 success commit=0db1ef7 title=老周的算盘 cjk=1340
2026-06-18 02:28 288 success commit=51b970a title=钱掌柜的账本 cjk=526
2026-06-18 02:32 289 success commit=4908a9e title=老陈的账簿风波 cjk=847
2026-06-18 02:36 290 success commit=a84ed6f title=老账房的新镜子 cjk=1180
2026-06-18 02:40 291 success commit=db7c26a title=老钱的最后一刀 cjk=1102
2026-06-18 02:44 292 success commit=7d52fee title=老钱的账本 cjk=734
2026-06-18 02:48 293 success commit=be1cf8a title=老周的本子 cjk=847
2026-06-18 02:52 294 success commit=3a3bef6 title=老周的账本 cjk=820
2026-06-18 02:56 295 success commit=e996803 title=港口比富大会 cjk=1180
2026-06-18 03:04 296 success commit=bb075f4 title=老陈的远航 cjk=897
2026-06-18 02:40 09-股权投资基金的税收/01 success commit=8eb495a title=《老周的分钱局》 cjk=490
2026-06-18 02:45 09-股权投资基金的税收/02 success commit=8b161eb title=《老孙的税单》 cjk=1977
2026-06-18 02:45 09-股权投资基金的税收/03 success commit=e567725 title=《老李的作坊》 cjk=286
2026-06-18 02:48 09-股权投资基金的税收/04 success commit=f087889 title=《老陈的瓷器坊》 cjk=299
2026-06-18 02:52 09-股权投资基金的税收/05 success commit=8f4c315 title=《老张的两本账》 cjk=401
2026-06-18 02:57 09-股权投资基金的税收/07 success commit=9811fbf title=《老周的酬劳》 cjk=990
2026-06-18 03:00 09-股权投资基金的收益分配与账面分摊/02 success commit=5e76666 title=《老周的瀑布》 cjk=357
2026-06-18 03:03 09-股权投资基金的收益分配与账面分摊/03 success commit=0ce0d64 title=《老周的追赶》 cjk=416
2026-06-18 03:08 09-股权投资基金的收益分配与账面分摊/04 success commit=e4c1a34 title=《老周的总账》 cjk=869
2026-06-18 03:12 09-股权投资基金的收益分配与账面分摊/05 success commit=b1d0ca7 title=《老周的分户账》 cjk=823
2026-06-18 03:16 09-股权投资基金的收益分配与账面分摊/06 success commit=e956426 title=《老周的两把尺》 cjk=290
2026-06-18 03:20 09-股权投资基金的收益分配与账面分摊/07 success commit=9793366 title=《老周的账本》 cjk=541
2026-06-18 03:24 09-投资者退出与股权投资基金的清算/01 success commit=3ccc81d title=《赵老爷的急事》 cjk=570
2026-06-18 03:29 09-投资者退出与股权投资基金的清算/02 success commit=aa3c3c9 title=《老周的二手铺》 cjk=750
2026-06-18 03:34 09-投资者退出与股权投资基金的清算/03 success commit=8294006 title=《老周的实物分》 cjk=919
2026-06-18 03:38 09-投资者退出与股权投资基金的清算/05 success commit=7f7de17 title=《老周的清算组》 cjk=387
2026-06-18 03:42 09-投资者退出与股权投资基金的清算/06 success commit=ab259a2 title=《老周的分银法》 cjk=423
2026-06-18 03:46 09-股权投资基金信息披露与信息报送/02 success commit=634ef7a title=《老周的告示》 cjk=397
2026-06-18 03:50 09-股权投资基金信息披露与信息报送/04 success commit=de7e898 title=《老周的责任》 cjk=276
2026-06-18 03:54 09-股权投资基金信息披露与信息报送/05 success commit=75dc120 title=《老周的招股书》 cjk=315
2026-06-18 03:58 09-股权投资基金信息披露与信息报送/06 success commit=de55608 title=《老周的季报》 cjk=366
2026-06-18 04:02 09-股权投资基金信息披露与信息报送/07 success commit=c5fb642 title=《老周的急报》 cjk=293
2026-06-18 04:08 09-股权投资基金信息披露与信息报送/08 success commit=2d4a530 title=《老周的备案簿》 cjk=825
2026-06-18 04:12 09-股权投资基金信息披露与信息报送/09 success commit=a01c22b title=《老周的双备份》 cjk=392
2026-06-18 04:18 09-股权投资基金争议解决/01 success commit=5e04c95 title=《老周的官司簿》 cjk=742
2026-06-18 04:24 09-股权投资基金争议解决/02 success commit=c5bb695 title=《老周的解纷法》 cjk=1175
2026-06-18 04:30 09-股权投资基金争议解决/03 success commit=0bead76 title=《老周的招股风波》 cjk=679
2026-06-18 04:34 09-股权投资基金争议解决/04 success commit=5606255 title=《老周的尽职风波》 cjk=478
2026-06-18 04:38 09-股权投资基金争议解决/05 success commit=86b3154 title=《老周的投后风波》 cjk=609
2026-06-18 04:43 09-股权投资基金争议解决/06 success commit=0e8124b title=《老周的迟延账》 cjk=2117
