Splitting 2546 blocks...
Skipping front matter: first 9 pages
No 第X章/第X节 chapters found; trying numeric heading fallback
  Wrote: /Users/sky/Documents/github/reading_notes/02-iique/paper-1/converted/sections/01-風險及保險/01-01-風險的概念.md
  Wrote: /Users/sky/Documents/github/reading_notes/02-iique/paper-1/converted/sections/01-風險及保險/01-01-01-風險的意義.md
  Wrote: /Users/sky/Documents/github/reading_notes/02-iique/paper-1/converted/sections/01-風險及保險/01-01-02-風險的類別.md
  Wrote: /Users/sky/Documents/github/reading_notes/02-iique/paper-1/converted/sections/01-風險及保險/01-01-02-財務後果.md
  Wrote: /Users/sky/Documents/github/reading_notes/02-iique/paper-1/converted/sections/01-風險及保險/01-01-02-原因與影響.md
  Wrote: /Users/sky/Documents/github/reading_notes/02-iique/paper-1/converted/sections/01-風險及保險/01-01-03-風險管理.md
  Wrote: /Users/sky/Documents/github/reading_notes/02-iique/paper-1/converted/sections/01-風險及保險/01-02-保險的功能及好處.md
  Wrote: /Users/sky/Documents/github/reading_notes/02-iique/paper-1/converted/sections/02-法律原則/02-01-合約法.md
  Wrote: /Users/sky/Documents/github/reading_notes/02-iique/paper-1/converted/sections/02-法律原則/02-01-01-定義.md
  Wrote: /Users/sky/Documents/github/reading_notes/02-iique/paper-1/converted/sections/02-法律原則/02-01-02-合約的種類.md
  Wrote: /Users/sky/Documents/github/reading_notes/02-iique/paper-1/converted/sections/02-法律原則/02-01-03-合約元素和要點.md
  Wrote: /Users/sky/Documents/github/reading_notes/02-iique/paper-1/converted/sections/02-法律原則/02-01-04-合約的相對性.md
  Wrote: /Users/sky/Documents/github/reading_notes/02-iique/paper-1/converted/sections/02-法律原則/02-02-代理法.md
  Wrote: /Users/sky/Documents/github/reading_notes/02-iique/paper-1/converted/sections/02-法律原則/02-02-01-定義.md
  Wrote: /Users/sky/Documents/github/reading_notes/02-iique/paper-1/converted/sections/02-法律原則/02-02-02-代理關係如何產生.md
  Wrote: /Users/sky/Documents/github/reading_notes/02-iique/paper-1/converted/sections/02-法律原則/02-02-03-代理人的權限.md
  Wrote: /Users/sky/Documents/github/reading_notes/02-iique/paper-1/converted/sections/02-法律原則/02-02-04-代理人對委託人的責任.md
  Wrote: /Users/sky/Documents/github/reading_notes/02-iique/paper-1/converted/sections/02-法律原則/02-02-05-委託人對代理人的責任.md
  Wrote: /Users/sky/Documents/github/reading_notes/02-iique/paper-1/converted/sections/02-法律原則/02-02-06-終止代理關係.md
  Wrote: /Users/sky/Documents/github/reading_notes/02-iique/paper-1/converted/sections/03-保險原則/03-01-可保權益.md
  Wrote: /Users/sky/Documents/github/reading_notes/02-iique/paper-1/converted/sections/03-保險原則/03-01-01-定義.md
  Wrote: /Users/sky/Documents/github/reading_notes/02-iique/paper-1/converted/sections/03-保險原則/03-01-02-可保權益的重要性.md
  Wrote: /Users/sky/Documents/github/reading_notes/02-iique/paper-1/converted/sections/03-保險原則/03-01-03-必要條件.md
  Wrote: /Users/sky/Documents/github/reading_notes/02-iique/paper-1/converted/sections/03-保險原則/03-01-04-如何產生.md
  Wrote: /Users/sky/Documents/github/reading_notes/02-iique/paper-1/converted/sections/03-保險原則/03-01-05-何時需要.md
  Wrote: /Users/sky/Documents/github/reading_notes/02-iique/paper-1/converted/sections/03-保險原則/03-01-06-轉讓.md
  Wrote: /Users/sky/Documents/github/reading_notes/02-iique/paper-1/converted/sections/03-保險原則/03-02-最高誠信.md
  Wrote: /Users/sky/Documents/github/reading_notes/02-iique/paper-1/converted/sections/03-保險原則/03-02-01-一般誠信.md
  Wrote: /Users/sky/Documents/github/reading_notes/02-iique/paper-1/converted/sections/03-保險原則/03-02-02-最高誠信.md
  Wrote: /Users/sky/Documents/github/reading_notes/02-iique/paper-1/converted/sections/03-保險原則/03-02-03-重要事實.md
  Wrote: /Users/sky/Documents/github/reading_notes/02-iique/paper-1/converted/sections/03-保險原則/03-02-04-何時須披露重要事實.md
  Wrote: /Users/sky/Documents/github/reading_notes/02-iique/paper-1/converted/sections/03-保險原則/03-02-05-違反最高誠信的類別.md
  Wrote: /Users/sky/Documents/github/reading_notes/02-iique/paper-1/converted/sections/03-保險原則/03-02-06-違反最高誠信的補救.md
  Wrote: /Users/sky/Documents/github/reading_notes/02-iique/paper-1/converted/sections/03-保險原則/03-03-近因.md
  Wrote: /Users/sky/Documents/github/reading_notes/02-iique/paper-1/converted/sections/03-保險原則/03-03-01-該原則的定義及重要性.md
  Wrote: /Users/sky/Documents/github/reading_notes/02-iique/paper-1/converted/sections/03-保險原則/03-03-02-危險的種類.md
  Wrote: /Users/sky/Documents/github/reading_notes/02-iique/paper-1/converted/sections/03-保險原則/03-03-03-原則的應用.md
  Wrote: /Users/sky/Documents/github/reading_notes/02-iique/paper-1/converted/sections/03-保險原則/03-03-04-保單對這原則的更改.md
  Wrote: /Users/sky/Documents/github/reading_notes/02-iique/paper-1/converted/sections/03-保險原則/03-04-彌償.md
  Wrote: /Users/sky/Documents/github/reading_notes/02-iique/paper-1/converted/sections/03-保險原則/03-04-01-定義.md
  Wrote: /Users/sky/Documents/github/reading_notes/02-iique/paper-1/converted/sections/03-保險原則/03-04-02-含義.md
  Wrote: /Users/sky/Documents/github/reading_notes/02-iique/paper-1/converted/sections/03-保險原則/03-04-03-與可保權益的關聯.md
  Wrote: /Users/sky/Documents/github/reading_notes/02-iique/paper-1/converted/sections/03-保險原則/03-04-04-如何提供彌償.md
  Wrote: /Users/sky/Documents/github/reading_notes/02-iique/paper-1/converted/sections/03-保險原則/03-04-05-損餘.md
  Wrote: /Users/sky/Documents/github/reading_notes/02-iique/paper-1/converted/sections/03-保險原則/03-04-06-委付.md
  Wrote: /Users/sky/Documents/github/reading_notes/02-iique/paper-1/converted/sections/03-保險原則/03-04-07-限制彌償的保單條文.md
  Wrote: /Users/sky/Documents/github/reading_notes/02-iique/paper-1/converted/sections/03-保險原則/03-04-08-提供超額彌償的保單條文.md
  Wrote: /Users/sky/Documents/github/reading_notes/02-iique/paper-1/converted/sections/03-保險原則/03-04-09-實際執行彌償時所面對的難題.md
  Wrote: /Users/sky/Documents/github/reading_notes/02-iique/paper-1/converted/sections/03-保險原則/03-05-分擔.md
  Wrote: /Users/sky/Documents/github/reading_notes/02-iique/paper-1/converted/sections/03-保險原則/03-05-01-有關分擔的衡平法則.md
  Wrote: /Users/sky/Documents/github/reading_notes/02-iique/paper-1/converted/sections/03-保險原則/03-05-02-比率之數.md
  Wrote: /Users/sky/Documents/github/reading_notes/02-iique/paper-1/converted/sections/03-保險原則/03-05-03-如何產生.md
  Wrote: /Users/sky/Documents/github/reading_notes/02-iique/paper-1/converted/sections/03-保險原則/03-05-04-如何適用.md
  Wrote: /Users/sky/Documents/github/reading_notes/02-iique/paper-1/converted/sections/03-保險原則/03-05-05-如何被保單條件更改.md
  Wrote: /Users/sky/Documents/github/reading_notes/02-iique/paper-1/converted/sections/03-保險原則/03-06-代位.md
  Wrote: /Users/sky/Documents/github/reading_notes/02-iique/paper-1/converted/sections/03-保險原則/03-06-01-定義.md
  Wrote: /Users/sky/Documents/github/reading_notes/02-iique/paper-1/converted/sections/03-保險原則/03-06-02-如何產生.md
  Wrote: /Users/sky/Documents/github/reading_notes/02-iique/paper-1/converted/sections/03-保險原則/03-06-03-如何適用.md
  Wrote: /Users/sky/Documents/github/reading_notes/02-iique/paper-1/converted/sections/03-保險原則/03-06-04-其他考慮因素.md
  Wrote: /Users/sky/Documents/github/reading_notes/02-iique/paper-1/converted/sections/04-保險公司的主要功能/04-01-產品的開發.md
  Wrote: /Users/sky/Documents/github/reading_notes/02-iique/paper-1/converted/sections/04-保險公司的主要功能/04-02-客戶服務.md
  Wrote: /Users/sky/Documents/github/reading_notes/02-iique/paper-1/converted/sections/04-保險公司的主要功能/04-03-市場行銷及促銷.md
  Wrote: /Users/sky/Documents/github/reading_notes/02-iique/paper-1/converted/sections/04-保險公司的主要功能/04-04-保險的銷售.md
  Wrote: /Users/sky/Documents/github/reading_notes/02-iique/paper-1/converted/sections/04-保險公司的主要功能/04-05-核保.md
  Wrote: /Users/sky/Documents/github/reading_notes/02-iique/paper-1/converted/sections/04-保險公司的主要功能/04-06-保單的處理.md
  Wrote: /Users/sky/Documents/github/reading_notes/02-iique/paper-1/converted/sections/04-保險公司的主要功能/04-07-理賠.md
  Wrote: /Users/sky/Documents/github/reading_notes/02-iique/paper-1/converted/sections/04-保險公司的主要功能/04-08-再保險.md
  Wrote: /Users/sky/Documents/github/reading_notes/02-iique/paper-1/converted/sections/04-保險公司的主要功能/04-09-精算支援.md
  Wrote: /Users/sky/Documents/github/reading_notes/02-iique/paper-1/converted/sections/04-保險公司的主要功能/04-10-會計及投資.md
  Wrote: /Users/sky/Documents/github/reading_notes/02-iique/paper-1/converted/sections/04-保險公司的主要功能/04-11-培訓及發展.md
  Wrote: /Users/sky/Documents/github/reading_notes/02-iique/paper-1/converted/sections/04-保險公司的主要功能/04-12-管控要員.md
  Wrote: /Users/sky/Documents/github/reading_notes/02-iique/paper-1/converted/sections/05-香港保險業的結構/05-01-保險業務的種類.md
  Wrote: /Users/sky/Documents/github/reading_notes/02-iique/paper-1/converted/sections/05-香港保險業的結構/05-01-01-保險的法定類別.md
  Wrote: /Users/sky/Documents/github/reading_notes/02-iique/paper-1/converted/sections/05-香港保險業的結構/05-01-02-保險的實務類別.md
  Wrote: /Users/sky/Documents/github/reading_notes/02-iique/paper-1/converted/sections/05-香港保險業的結構/05-01-03-保險的學術類別.md
  Wrote: /Users/sky/Documents/github/reading_notes/02-iique/paper-1/converted/sections/05-香港保險業的結構/05-01-04-再保險.md
  Wrote: /Users/sky/Documents/github/reading_notes/02-iique/paper-1/converted/sections/05-香港保險業的結構/05-02-行業規模.md
  Wrote: /Users/sky/Documents/github/reading_notes/02-iique/paper-1/converted/sections/05-香港保險業的結構/05-02-01-獲授權保險人.md
  Wrote: /Users/sky/Documents/github/reading_notes/02-iique/paper-1/converted/sections/05-香港保險業的結構/05-02-02-持牌保險中介人.md
  Wrote: /Users/sky/Documents/github/reading_notes/02-iique/paper-1/converted/sections/05-香港保險業的結構/05-02-03-獲聘用的人.md
  Wrote: /Users/sky/Documents/github/reading_notes/02-iique/paper-1/converted/sections/05-香港保險業的結構/05-02-04-保費收入.md
  Wrote: /Users/sky/Documents/github/reading_notes/02-iique/paper-1/converted/sections/05-香港保險業的結構/05-03-保險公司.md
  Wrote: /Users/sky/Documents/github/reading_notes/02-iique/paper-1/converted/sections/05-香港保險業的結構/05-04-保險中介人.md
  Wrote: /Users/sky/Documents/github/reading_notes/02-iique/paper-1/converted/sections/05-香港保險業的結構/05-05-業界協會／組織.md
  Wrote: /Users/sky/Documents/github/reading_notes/02-iique/paper-1/converted/sections/05-香港保險業的結構/05-05-01-香港保險業聯會（「保聯」）.md
  Wrote: /Users/sky/Documents/github/reading_notes/02-iique/paper-1/converted/sections/05-香港保險業的結構/05-05-02-保險經紀專業團體.md
  Wrote: /Users/sky/Documents/github/reading_notes/02-iique/paper-1/converted/sections/05-香港保險業的結構/05-05-03-協助索償人或受害人的行業機構.md
  Wrote: /Users/sky/Documents/github/reading_notes/02-iique/paper-1/converted/sections/05-香港保險業的結構/05-05-04-僱員補償聯保計劃管理局.md
  Wrote: /Users/sky/Documents/github/reading_notes/02-iique/paper-1/converted/sections/06-保險業的規管架構/06-01-香港保險公司的規管.md
  Wrote: /Users/sky/Documents/github/reading_notes/02-iique/paper-1/converted/sections/06-保險業的規管架構/06-01-01-《保險業條例》.md
  Wrote: /Users/sky/Documents/github/reading_notes/02-iique/paper-1/converted/sections/06-保險業的規管架構/06-01-01-保險人的授權.md
  Wrote: /Users/sky/Documents/github/reading_notes/02-iique/paper-1/converted/sections/06-保險業的規管架構/06-01-01-股本要求.md
  Wrote: /Users/sky/Documents/github/reading_notes/02-iique/paper-1/converted/sections/06-保險業的規管架構/06-01-01-償付準備金規定.md
  Wrote: /Users/sky/Documents/github/reading_notes/02-iique/paper-1/converted/sections/06-保險業的規管架構/06-01-01-控權人、董事、管控要員及獲委任精算師須屬“適當人選”.md
  Wrote: /Users/sky/Documents/github/reading_notes/02-iique/paper-1/converted/sections/06-保險業的規管架構/06-01-01-足夠的再保險安排.md
  Wrote: /Users/sky/Documents/github/reading_notes/02-iique/paper-1/converted/sections/06-保險業的規管架構/06-01-01-《保險業條例》其他重要的條文.md
  Wrote: /Users/sky/Documents/github/reading_notes/02-iique/paper-1/converted/sections/06-保險業的規管架構/06-01-01-干預權力.md
  Wrote: /Users/sky/Documents/github/reading_notes/02-iique/paper-1/converted/sections/06-保險業的規管架構/06-01-02-《承保商專業守則》.md
  Wrote: /Users/sky/Documents/github/reading_notes/02-iique/paper-1/converted/sections/06-保險業的規管架構/06-01-02-目的.md
  Wrote: /Users/sky/Documents/github/reading_notes/02-iique/paper-1/converted/sections/06-保險業的規管架構/06-01-02-提供建議及銷售的做法.md
  Wrote: /Users/sky/Documents/github/reading_notes/02-iique/paper-1/converted/sections/06-保險業的規管架構/06-01-02-索償.md
  Wrote: /Users/sky/Documents/github/reading_notes/02-iique/paper-1/converted/sections/06-保險業的規管架構/06-01-02-保險代理人管理.md
  Wrote: /Users/sky/Documents/github/reading_notes/02-iique/paper-1/converted/sections/06-保險業的規管架構/06-01-02-查詢、投訴及糾紛.md
  Wrote: /Users/sky/Documents/github/reading_notes/02-iique/paper-1/converted/sections/06-保險業的規管架構/06-01-03-保險投訴局.md
  Wrote: /Users/sky/Documents/github/reading_notes/02-iique/paper-1/converted/sections/06-保險業的規管架構/06-01-03-保險索償投訴委員會的結構及權力.md
  Wrote: /Users/sky/Documents/github/reading_notes/02-iique/paper-1/converted/sections/06-保險業的規管架構/06-01-03-保險投訴局提供服務的職權範圍.md
  Wrote: /Users/sky/Documents/github/reading_notes/02-iique/paper-1/converted/sections/06-保險業的規管架構/06-01-03-與索償無關的調解服務.md
  Wrote: /Users/sky/Documents/github/reading_notes/02-iique/paper-1/converted/sections/06-保險業的規管架構/06-02-香港保險中介人的規管.md
  Wrote: /Users/sky/Documents/github/reading_notes/02-iique/paper-1/converted/sections/06-保險業的規管架構/06-02-01-監管保險中介人的持牌制度的基本規定.md
  Wrote: /Users/sky/Documents/github/reading_notes/02-iique/paper-1/converted/sections/06-保險業的規管架構/06-02-02-獲授權保險人與其代理人的關係.md
  Wrote: /Users/sky/Documents/github/reading_notes/02-iique/paper-1/converted/sections/06-保險業的規管架構/06-02-03-持牌保險中介人的多重角色.md
  Wrote: /Users/sky/Documents/github/reading_notes/02-iique/paper-1/converted/sections/06-保險業的規管架構/06-02-04-發牌.md
  Wrote: /Users/sky/Documents/github/reading_notes/02-iique/paper-1/converted/sections/06-保險業的規管架構/06-02-05-其他監管措施.md
  Wrote: /Users/sky/Documents/github/reading_notes/02-iique/paper-1/converted/sections/06-保險業的規管架構/06-02-05-準確的陳述及介紹.md
  Wrote: /Users/sky/Documents/github/reading_notes/02-iique/paper-1/converted/sections/06-保險業的規管架構/06-02-05-合規.md
  Wrote: /Users/sky/Documents/github/reading_notes/02-iique/paper-1/converted/sections/06-保險業的規管架構/06-02-05-驚擾、強迫或不當影響.md
  Wrote: /Users/sky/Documents/github/reading_notes/02-iique/paper-1/converted/sections/06-保險業的規管架構/06-02-05-防止賄賂.md
  Wrote: /Users/sky/Documents/github/reading_notes/02-iique/paper-1/converted/sections/06-保險業的規管架構/06-02-05-公平、公正及以客户的最佳利益行事.md
  Wrote: /Users/sky/Documents/github/reading_notes/02-iique/paper-1/converted/sections/06-保險業的規管架構/06-02-05-提供公平及公正並符合客戶最佳利益的受規管意見.md
  Wrote: /Users/sky/Documents/github/reading_notes/02-iique/paper-1/converted/sections/06-保險業的規管架構/06-02-05-符合預期一位合理及謹慎的持牌保險代理人應有的標準.md
  Wrote: /Users/sky/Documents/github/reading_notes/02-iique/paper-1/converted/sections/06-保險業的規管架構/06-02-05-處理申請及索償表格.md
  Wrote: /Users/sky/Documents/github/reading_notes/02-iique/paper-1/converted/sections/06-保險業的規管架構/06-02-05-執行客戶的指示.md
  Wrote: /Users/sky/Documents/github/reading_notes/02-iique/paper-1/converted/sections/06-保險業的規管架構/06-02-05-保障客戶的私隱及保密性.md
  Wrote: /Users/sky/Documents/github/reading_notes/02-iique/paper-1/converted/sections/06-保險業的規管架構/06-02-05-保存紀錄.md
  Wrote: /Users/sky/Documents/github/reading_notes/02-iique/paper-1/converted/sections/06-保險業的規管架構/06-02-05-冷靜期.md
  Wrote: /Users/sky/Documents/github/reading_notes/02-iique/paper-1/converted/sections/06-保險業的規管架構/06-02-05-產品知識.md
  Wrote: /Users/sky/Documents/github/reading_notes/02-iique/paper-1/converted/sections/06-保險業的規管架構/06-02-05-清楚其知識的局限性.md
  Wrote: /Users/sky/Documents/github/reading_notes/02-iique/paper-1/converted/sections/06-保險業的規管架構/06-02-05-產品知識-同名.md
  Wrote: /Users/sky/Documents/github/reading_notes/02-iique/paper-1/converted/sections/06-保險業的規管架構/06-02-05-有關保險產品的披露.md
  Wrote: /Users/sky/Documents/github/reading_notes/02-iique/paper-1/converted/sections/06-保險業的規管架構/06-02-05-產品知識-同名-同名.md
  Wrote: /Users/sky/Documents/github/reading_notes/02-iique/paper-1/converted/sections/06-保險業的規管架構/06-02-05-就他人轉介的客戶所需作出的披露.md
  Wrote: /Users/sky/Documents/github/reading_notes/02-iique/paper-1/converted/sections/06-保險業的規管架構/06-01-合適性評估.md
  Wrote: /Users/sky/Documents/github/reading_notes/02-iique/paper-1/converted/sections/06-保險業的規管架構/06-02-建議.md
  Wrote: /Users/sky/Documents/github/reading_notes/02-iique/paper-1/converted/sections/06-保險業的規管架構/06-02-07-透過適當披露主事人與代理人關係，避免潛在利益衝突並提高透.md
  Wrote: /Users/sky/Documents/github/reading_notes/02-iique/paper-1/converted/sections/06-保險業的規管架構/06-02-07-披露代理人與其主事人之間條款與細則中的相關限制.md
  Wrote: /Users/sky/Documents/github/reading_notes/02-iique/paper-1/converted/sections/06-保險業的規管架構/06-02-07-避免讓自身利益影響客戶的決定.md
  Wrote: /Users/sky/Documents/github/reading_notes/02-iique/paper-1/converted/sections/06-保險業的規管架構/06-02-08-保費處理.md
  Wrote: /Users/sky/Documents/github/reading_notes/02-iique/paper-1/converted/sections/06-保險業的規管架構/06-02-01-準確的陳述及介紹.md
  Wrote: /Users/sky/Documents/github/reading_notes/02-iique/paper-1/converted/sections/06-保險業的規管架構/06-02-01-合規.md
  Wrote: /Users/sky/Documents/github/reading_notes/02-iique/paper-1/converted/sections/06-保險業的規管架構/06-02-01-驷擾、強迫或不當影響.md
  Wrote: /Users/sky/Documents/github/reading_notes/02-iique/paper-1/converted/sections/06-保險業的規管架構/06-02-01-防止賄賂.md
  Wrote: /Users/sky/Documents/github/reading_notes/02-iique/paper-1/converted/sections/06-保險業的規管架構/06-02-02-以符合客戶的最佳利益行事，並應公正、客觀及公平.md
  Wrote: /Users/sky/Documents/github/reading_notes/02-iique/paper-1/converted/sections/06-保險業的規管架構/06-02-02-尋找及選擇保險產品.md
  Wrote: /Users/sky/Documents/github/reading_notes/02-iique/paper-1/converted/sections/06-保險業的規管架構/06-02-02-提供公平及公正並符合客戶最佳利益的受規管意見.md
  Wrote: /Users/sky/Documents/github/reading_notes/02-iique/paper-1/converted/sections/06-保險業的規管架構/06-02-03-符合預期一位合理及謹慎的持牌保險經紀應有的標準.md
  Wrote: /Users/sky/Documents/github/reading_notes/02-iique/paper-1/converted/sections/06-保險業的規管架構/06-02-03-處理申請及索償表格.md
  Wrote: /Users/sky/Documents/github/reading_notes/02-iique/paper-1/converted/sections/06-保險業的規管架構/06-02-03-執行客戶的指示.md
  Wrote: /Users/sky/Documents/github/reading_notes/02-iique/paper-1/converted/sections/06-保險業的規管架構/06-02-03-保障客戶的私隱及保密性.md
  Wrote: /Users/sky/Documents/github/reading_notes/02-iique/paper-1/converted/sections/06-保險業的規管架構/06-02-03-保存紀錄.md
  Wrote: /Users/sky/Documents/github/reading_notes/02-iique/paper-1/converted/sections/06-保險業的規管架構/06-02-03-冷靜期.md
  Wrote: /Users/sky/Documents/github/reading_notes/02-iique/paper-1/converted/sections/06-保險業的規管架構/06-02-03-有關保險索償的協助.md
  Wrote: /Users/sky/Documents/github/reading_notes/02-iique/paper-1/converted/sections/06-保險業的規管架構/06-02-04-產品知識.md
  Wrote: /Users/sky/Documents/github/reading_notes/02-iique/paper-1/converted/sections/06-保險業的規管架構/06-02-04-清楚其知識的局限性.md
  Wrote: /Users/sky/Documents/github/reading_notes/02-iique/paper-1/converted/sections/06-保險業的規管架構/06-02-05-與身份及職分相關的披露.md
  Wrote: /Users/sky/Documents/github/reading_notes/02-iique/paper-1/converted/sections/06-保險業的規管架構/06-02-05-有關保險產品的披露-同名.md
  Wrote: /Users/sky/Documents/github/reading_notes/02-iique/paper-1/converted/sections/06-保險業的規管架構/06-02-05-有關保單持有人義務的披露.md
  Wrote: /Users/sky/Documents/github/reading_notes/02-iique/paper-1/converted/sections/06-保險業的規管架構/06-02-05-客戶協議及與客戶訂立的業務條款.md
  Wrote: /Users/sky/Documents/github/reading_notes/02-iique/paper-1/converted/sections/06-保險業的規管架構/06-02-05-就他人轉介的客戶所需作出的披露-同名.md
  Wrote: /Users/sky/Documents/github/reading_notes/02-iique/paper-1/converted/sections/06-保險業的規管架構/06-01-合適性評估-同名.md
  Wrote: /Users/sky/Documents/github/reading_notes/02-iique/paper-1/converted/sections/06-保險業的規管架構/06-02-建議-同名.md
  Wrote: /Users/sky/Documents/github/reading_notes/02-iique/paper-1/converted/sections/06-保險業的規管架構/06-02-07-提供有關報酬的適當披露以避免潛在利益衝突.md
  Wrote: /Users/sky/Documents/github/reading_notes/02-iique/paper-1/converted/sections/06-保險業的規管架構/06-02-07-闡明有關與保險人關係的潛在利益衝突.md
  Wrote: /Users/sky/Documents/github/reading_notes/02-iique/paper-1/converted/sections/06-保險業的規管架構/06-02-07-避免讓自身利益影響客戶的決定-同名.md
  Wrote: /Users/sky/Documents/github/reading_notes/02-iique/paper-1/converted/sections/06-保險業的規管架構/06-02-08-客戶資產處理.md
  Wrote: /Users/sky/Documents/github/reading_notes/02-iique/paper-1/converted/sections/07-職業道德及其他有關問題/07-01-保險中介人對保單持有人的責任.md
  Wrote: /Users/sky/Documents/github/reading_notes/02-iique/paper-1/converted/sections/07-職業道德及其他有關問題/07-01-01-如果保險中介人是保險經紀.md
  Wrote: /Users/sky/Documents/github/reading_notes/02-iique/paper-1/converted/sections/07-職業道德及其他有關問題/07-01-02-如果保險中介人是保險代理人.md
  Wrote: /Users/sky/Documents/github/reading_notes/02-iique/paper-1/converted/sections/07-職業道德及其他有關問題/07-02-保護個人資料.md
  Wrote: /Users/sky/Documents/github/reading_notes/02-iique/paper-1/converted/sections/07-職業道德及其他有關問題/07-02-01-《條例》的特點.md
  Wrote: /Users/sky/Documents/github/reading_notes/02-iique/paper-1/converted/sections/07-職業道德及其他有關問題/07-02-02-在保險上的應用.md
  Wrote: /Users/sky/Documents/github/reading_notes/02-iique/paper-1/converted/sections/07-職業道德及其他有關問題/07-03-平等機會事宜.md
  Wrote: /Users/sky/Documents/github/reading_notes/02-iique/paper-1/converted/sections/07-職業道德及其他有關問題/07-03-01-針對歧視的法例.md
  Wrote: /Users/sky/Documents/github/reading_notes/02-iique/paper-1/converted/sections/07-職業道德及其他有關問題/07-03-02-保險中的「公平」歧視.md
  Wrote: /Users/sky/Documents/github/reading_notes/02-iique/paper-1/converted/sections/07-職業道德及其他有關問題/07-03-03-保險中的不公平歧視.md
  Wrote: /Users/sky/Documents/github/reading_notes/02-iique/paper-1/converted/sections/07-職業道德及其他有關問題/07-04-防止洗錢及恐怖分子籌資活動.md
  Wrote: /Users/sky/Documents/github/reading_notes/02-iique/paper-1/converted/sections/07-職業道德及其他有關問題/07-04-01-什麼是洗錢.md
  Wrote: /Users/sky/Documents/github/reading_notes/02-iique/paper-1/converted/sections/07-職業道德及其他有關問題/07-04-02-什麼是恐怖分子資金籌集.md
  Wrote: /Users/sky/Documents/github/reading_notes/02-iique/paper-1/converted/sections/07-職業道德及其他有關問題/07-04-03-保險業所面對的風險.md
  Wrote: /Users/sky/Documents/github/reading_notes/02-iique/paper-1/converted/sections/07-職業道德及其他有關問題/07-04-04-洗錢的階段.md
  Wrote: /Users/sky/Documents/github/reading_notes/02-iique/paper-1/converted/sections/07-職業道德及其他有關問題/07-04-05-有關打擊洗錢及恐怖分子資金籌集活動的法例.md
  Wrote: /Users/sky/Documents/github/reading_notes/02-iique/paper-1/converted/sections/07-職業道德及其他有關問題/07-04-05-《打擊洗錢及恐怖分子資金籌集（金融機構）條例》.md
  Wrote: /Users/sky/Documents/github/reading_notes/02-iique/paper-1/converted/sections/07-職業道德及其他有關問題/07-04-05-《販毒（追討得益）條例》.md
  Wrote: /Users/sky/Documents/github/reading_notes/02-iique/paper-1/converted/sections/07-職業道德及其他有關問題/07-04-05-《有組織及嚴重罪行條例》.md
  Wrote: /Users/sky/Documents/github/reading_notes/02-iique/paper-1/converted/sections/07-職業道德及其他有關問題/07-04-05-《聯合國（反恐怖主義措施）條例》.md
  Wrote: /Users/sky/Documents/github/reading_notes/02-iique/paper-1/converted/sections/07-職業道德及其他有關問題/07-04-06-引言.md
  Wrote: /Users/sky/Documents/github/reading_notes/02-iique/paper-1/converted/sections/07-職業道德及其他有關問題/07-04-06-打擊洗錢／恐怖分子資金籌集制度.md
  Wrote: /Users/sky/Documents/github/reading_notes/02-iique/paper-1/converted/sections/07-職業道德及其他有關問題/07-04-06-適用於香港以外進行業務的集團的打擊洗錢／恐怖分子資金籌集.md
  Wrote: /Users/sky/Documents/github/reading_notes/02-iique/paper-1/converted/sections/07-職業道德及其他有關問題/07-04-06-風險為本的方法.md
  Wrote: /Users/sky/Documents/github/reading_notes/02-iique/paper-1/converted/sections/07-職業道德及其他有關問題/07-04-06-客戶盡職審查.md
  Wrote: /Users/sky/Documents/github/reading_notes/02-iique/paper-1/converted/sections/07-職業道德及其他有關問題/07-04-06-持續監察.md
  Wrote: /Users/sky/Documents/github/reading_notes/02-iique/paper-1/converted/sections/07-職業道德及其他有關問題/07-04-06-金融制裁.md
  Wrote: /Users/sky/Documents/github/reading_notes/02-iique/paper-1/converted/sections/07-職業道德及其他有關問題/07-04-06-恐怖分子資金籌集及擴散資金籌集.md
  Wrote: /Users/sky/Documents/github/reading_notes/02-iique/paper-1/converted/sections/07-職業道德及其他有關問題/07-04-06-數據庫備存及篩查（客戶及付款）.md
  Wrote: /Users/sky/Documents/github/reading_notes/02-iique/paper-1/converted/sections/07-職業道德及其他有關問題/07-04-06-可疑交易報告.md
  Wrote: /Users/sky/Documents/github/reading_notes/02-iique/paper-1/converted/sections/07-職業道德及其他有關問題/07-04-06-備存紀錄.md
  Wrote: /Users/sky/Documents/github/reading_notes/02-iique/paper-1/converted/sections/07-職業道德及其他有關問題/07-04-61-職員培訓.md
  Wrote: /Users/sky/Documents/github/reading_notes/02-iique/paper-1/converted/sections/07-職業道德及其他有關問題/07-04-06-電傳轉賬.md
  Wrote: /Users/sky/Documents/github/reading_notes/02-iique/paper-1/converted/sections/07-職業道德及其他有關問題/07-05-防止貪污.md
  Wrote: /Users/sky/Documents/github/reading_notes/02-iique/paper-1/converted/sections/07-職業道德及其他有關問題/07-05-01-《防止賄賂條例》內容重點.md
  Wrote: /Users/sky/Documents/github/reading_notes/02-iique/paper-1/converted/sections/07-職業道德及其他有關問題/07-05-02-舉報貪污.md
  Wrote: /Users/sky/Documents/github/reading_notes/02-iique/paper-1/converted/sections/07-職業道德及其他有關問題/07-05-03-廉政公署的服務.md
  Wrote: /Users/sky/Documents/github/reading_notes/02-iique/paper-1/converted/sections/07-職業道德及其他有關問題/07-06-防止保險詐騙.md
  Wrote: /Users/sky/Documents/github/reading_notes/02-iique/paper-1/converted/sections/07-職業道德及其他有關問題/07-06-01-當心成為犯罪同伙.md
  Wrote: /Users/sky/Documents/github/reading_notes/02-iique/paper-1/converted/sections/07-職業道德及其他有關問題/07-06-02-保險中介人與保險詐騙的例子.md
  Wrote: /Users/sky/Documents/github/reading_notes/02-iique/paper-1/converted/sections/07-職業道德及其他有關問題/07-06-03-防止詐騙的實際步驟.md
Found 7 numeric chapters
Found 205 numeric sections

Done: 7 chapters, 205 sections -> /Users/sky/Documents/github/reading_notes/02-iique/paper-1/converted/sections
